// Jest Snapshot v1, https://goo.gl/fbAQLP

exports[`<Search /> component testing should pass snaps shot testing 1`] = `
<div>
  <Header />
  <div
    className="search"
    data-test="search-container"
  >
    <div>
      <h1
        className="search-header"
      >
        Search
      </h1>
    </div>
  </div>
  <Footer
    value={2}
  />
</div>
`;
