// Jest Snapshot v1, https://goo.gl/fbAQLP

exports[`<Footer /> component testing should match the snapshot test for  <Footer /> component 1`] = `
<div>
  <WithStyles(ForwardRef(Menu))
    anchorEl={null}
    id="simple-menu"
    keepMounted={true}
    onClose={[Function]}
    open={false}
  >
    <WithStyles(ForwardRef(MenuItem))
      onClick={[Function]}
    >
      <Brightness4Icon />
      <div>
         Dark Mode
      </div>
    </WithStyles(ForwardRef(MenuItem))>
    <WithStyles(ForwardRef(MenuItem))
      onClick={[Function]}
    >
      <ExitToAppIcon />
      <div>
         Log Out
      </div>
    </WithStyles(ForwardRef(MenuItem))>
  </WithStyles(ForwardRef(Menu))>
  <WithStyles(ForwardRef(BottomNavigation))
    className="makeStyles-root-1"
    showLabels={true}
  >
    <WithStyles(ForwardRef(BottomNavigationAction))
      component={
        Object {
          "$$typeof": Symbol(react.forward_ref),
          "displayName": "Link",
          "propTypes": Object {
            "innerRef": [Function],
            "onClick": [Function],
            "replace": [Function],
            "target": [Function],
            "to": [Function],
          },
          "render": [Function],
        }
      }
      icon={<UNDEFINED />}
      label="Home"
      to="/home"
    />
    <WithStyles(ForwardRef(BottomNavigationAction))
      component={
        Object {
          "$$typeof": Symbol(react.forward_ref),
          "displayName": "Link",
          "propTypes": Object {
            "innerRef": [Function],
            "onClick": [Function],
            "replace": [Function],
            "target": [Function],
            "to": [Function],
          },
          "render": [Function],
        }
      }
      icon={<UNDEFINED />}
      label="Profile"
      to="/profile"
    />
    <WithStyles(ForwardRef(BottomNavigationAction))
      component={
        Object {
          "$$typeof": Symbol(react.forward_ref),
          "displayName": "Link",
          "propTypes": Object {
            "innerRef": [Function],
            "onClick": [Function],
            "replace": [Function],
            "target": [Function],
            "to": [Function],
          },
          "render": [Function],
        }
      }
      icon={<UNDEFINED />}
      label="Search"
      to="/search"
    />
    <WithStyles(ForwardRef(BottomNavigationAction))
      icon={<UNDEFINED />}
      label="Settings"
      onClick={[Function]}
    />
  </WithStyles(ForwardRef(BottomNavigation))>
</div>
`;
