// Jest Snapshot v1, https://goo.gl/fbAQLP

exports[`<Header /> component testing should match <Header /> component snapshot 1`] = `
<div
  className="makeStyles-root-1"
  data-test="header-container"
>
  <WithStyles(CssBaseline) />
  <WithStyles(ForwardRef(AppBar))
    className="makeStyles-appBar-3"
    position="fixed"
  >
    <WithStyles(ForwardRef(Toolbar))>
      <div
        className="logo"
        data-test="logo"
      />
      <div
        className="title-and-button"
        data-test="title-and-button"
      >
        <WithStyles(ForwardRef(Typography))
          variant="h6"
        >
          Welcome User!
        </WithStyles(ForwardRef(Typography))>
      </div>
    </WithStyles(ForwardRef(Toolbar))>
  </WithStyles(ForwardRef(AppBar))>
</div>
`;
