// Jest Snapshot v1, https://goo.gl/fbAQLP

exports[`<Aboutus /> component testing should match the snapshor test corrrectly 1`] = `
<div
  className="container"
  data-test="aboutUs-container"
>
  <h1>
    Meet the Crew
  </h1>
  <div
    className="team"
    data-test="team-container"
  >
    <Person
      key="Carlos Banks"
      link="https://github.com/carlostbanks"
      name="Carlos Banks"
      position="Frontend Developer"
      src="/CB.jpeg"
    />
    <Person
      key="Kenneth Brook"
      link="https://github.com/wombat1972"
      name="Kenneth Brook"
      position="Frontend Developer"
      src="/KB.jpeg"
    />
    <Person
      key="Farjad Fazli"
      link="https://github.com/farjadfazli"
      name="Farjad Fazli"
      position="Frontend Developer"
      src="/FF.jpeg"
    />
    <Person
      key="Tim Mitzen"
      link="https://github.com/TimMitzen"
      name="Tim Mitzen"
      position="Backend Developer"
      src="/TM.jpeg"
    />
    <Person
      key="Joe Thompson"
      link="https://github.com/Joe-Thompson"
      name="Joe Thompson"
      position="Backend Developer"
      src="/JT.jpeg"
    />
    <Person
      key="Venky Yagatilee"
      link="https://github.com/vy3191"
      name="Venky Yagatilee"
      position="Front Developer"
      src="/VY.jpeg"
    />
    <Person
      key="Carlos Villalpando"
      link="https://github.com/CarlosVillalpandoJr"
      name="Carlos Villalpando"
      position="Project Manager"
      src="/CV.jpeg"
    />
  </div>
</div>
`;

exports[`<Aboutus /> component testing should match the snapshot test correctly 1`] = `
<div
  className="container"
  data-test="aboutUs-container"
>
  <h1>
    Meet the Crew
  </h1>
  <div
    className="team"
    data-test="team-container"
  >
    <Person
      key="Carlos Banks"
      link="https://github.com/carlostbanks"
      name="Carlos Banks"
      position="Frontend Developer"
      src="/CB.jpeg"
    />
    <Person
      key="Kenneth Brook"
      link="https://github.com/wombat1972"
      name="Kenneth Brook"
      position="Frontend Developer"
      src="/KB.jpeg"
    />
    <Person
      key="Farjad Fazli"
      link="https://github.com/farjadfazli"
      name="Farjad Fazli"
      position="Frontend Developer"
      src="/FF.jpeg"
    />
    <Person
      key="Tim Mitzen"
      link="https://github.com/TimMitzen"
      name="Tim Mitzen"
      position="Backend Developer"
      src="/TM.jpeg"
    />
    <Person
      key="Joe Thompson"
      link="https://github.com/Joe-Thompson"
      name="Joe Thompson"
      position="Backend Developer"
      src="/JT.jpeg"
    />
    <Person
      key="Venky Yagatilee"
      link="https://github.com/vy3191"
      name="Venky Yagatilee"
      position="Front Developer"
      src="/VY.jpeg"
    />
    <Person
      key="Carlos Villalpando"
      link="https://github.com/CarlosVillalpandoJr"
      name="Carlos Villalpando"
      position="Project Manager"
      src="/CV.jpeg"
    />
  </div>
</div>
`;
