// Jest Snapshot v1, https://goo.gl/fbAQLP

exports[`<Person /> component testing should pass the snapshot test correctly 1`] = `
<div
  className="makeStyles-person-2"
  data-test="person-container"
>
  <div
    className="makeStyles-personImg-3"
    data-test="person-image-container"
  >
    <a>
      <img
        alt=""
        className="makeStyles-img2-6"
      />
    </a>
  </div>
  <h2>
    test-name
  </h2>
  <p>
    test-position
  </p>
</div>
`;
